FTDCALC  120001112 01 202403  F401  LATE DEPOSIT                   8  2     4997.33
FTDCALC  120001112 01 202403  F401  LATE DEPOSIT                  20  4    14991.98
FTDCALC  120001322 01 202303  F403  FREEZE - PENALTY BYPASSED      0  0        0.00
FTDCALC  200001007 01 202606  F402  DE MINIMIS - NO PENALTY        0  0        0.00
FTDCALC  200001007 01 202606  F403  FREEZE - PENALTY BYPASSED      0  0        0.00
FTDCALC  200001014 01 202312  F401  LATE DEPOSIT                  40  4    26700.99
FTDCALC  200001210 01 202312  F401  LATE DEPOSIT                   3  1        0.00
FTDCALC  200001210 01 202312  F401  LATE DEPOSIT                   3  1        0.00
FTDCALC  200001329 01 202312  F401  LATE DEPOSIT                   3  1       72.10
FTDCALC  200001329 01 202312  F401  LATE DEPOSIT                   8  2      180.25
FTDCALC  200001329 01 202312  F401  LATE DEPOSIT                  40  3      360.50
FTDCALC  270001224 01 202309  F401  LATE DEPOSIT                  40  3    22782.20
FTDCALC  450001266 01 202309  F401  LATE DEPOSIT                   3  1     3260.80
FTDCALC  460001294 01 202206  F401  LATE DEPOSIT                  40  3        0.00
FTDCALC  460001294 01 202206  F401  LATE DEPOSIT                  40  3        0.00
FTDCALC  810001091 01 202306  F401  LATE DEPOSIT                   3  1     2457.55
FTDCALC  810001133 01 202306  F401  LATE DEPOSIT                  20  3     4516.82
FTDCALC  810001133 01 202306  F401  LATE DEPOSIT                  20  3     4516.82
FTDCALC  820001154 01 202203  F401  LATE DEPOSIT                   3  1     2030.88
FTDCALC  820001154 01 202203  F401  LATE DEPOSIT                  40  3    10154.41
FTDCALC  830001238 01 202306  F401  LATE DEPOSIT                   8  2       15.80
FTDCALC  830001238 01 202306  F401  LATE DEPOSIT                  20  3       31.60
FTDCALC  830001238 01 202306  F401  LATE DEPOSIT                  20  3       31.60
FTDCALC  860001105 01 202406  F401  LATE DEPOSIT                   3  1     1739.93
FTDCALC  860001105 01 202406  F401  LATE DEPOSIT                  40  4    13049.51
FTDCALC  880001336 01 202306  F401  LATE DEPOSIT                   8  2     1566.39
FTDCALC  880001336 01 202306  F401  LATE DEPOSIT                  40  3     3132.79
FTDCALC  910001189 01 202409  F403  FREEZE - PENALTY BYPASSED      0  0        0.00
FTDCALC  910001273 01 202209  F401  LATE DEPOSIT                   3  1     2440.74
FTDCALC  910001273 01 202209  F401  LATE DEPOSIT                  20  3    12203.68
FTDCALC  910001273 01 202209  F401  LATE DEPOSIT                  40  3    12203.68
FTDCALC  920001140 02 202206  F401  LATE DEPOSIT                   3  1        0.00
FTDCALC  920001182 02 202212  F401  LATE DEPOSIT                   8  2     5093.67
FTDCALC  920001182 02 202212  F401  LATE DEPOSIT                   8  2     5093.67
FTDCALC  920001301 01 202406  F401  LATE DEPOSIT                   3  1      546.81
FTDCALC  920001301 01 202406  F401  LATE DEPOSIT                   8  2     1367.02
FTDCALC  920001315 01 202303  F402  DE MINIMIS - NO PENALTY        0  0        0.00
FTDCALC  930001056 01 202303  F401  LATE DEPOSIT                   3  1     2383.71
FTDCALC  930001070 01 202412  F403  FREEZE - PENALTY BYPASSED      0  0        0.00
FTDCALC  930001098 01 202303  F403  FREEZE - PENALTY BYPASSED      0  0        0.00
FTDCALC  940001035 01 202203  F401  LATE DEPOSIT                  40  3     5119.42
FTDCALC  940001161 01 202306  F402  DE MINIMIS - NO PENALTY        0  0        0.00
FTDCALC  940001203 01 202303  F401  LATE DEPOSIT                   8  2    10426.84
FTDCALC  940001245 01 202306  F401  LATE DEPOSIT                   3  1     2244.64
FTDCALC  940001245 01 202306  F401  LATE DEPOSIT                  20  3    11223.19
FTDCALC  940001245 01 202306  F401  LATE DEPOSIT                  40  3    11223.19
FTDCALC  940001350 01 202306  F401  LATE DEPOSIT                  20  3    21739.59
FTDCALC  940001350 01 202306  F401  LATE DEPOSIT                  40  3    21739.59
FTDCALC  950001196 01 202312  F403  FREEZE - PENALTY BYPASSED      0  0        0.00
FTDCALC  950001280 01 202309  F403  FREEZE - PENALTY BYPASSED      0  0        0.00
FTDCALC  980001021 01 202412  F401  LATE DEPOSIT                  40  3    10245.45
FTDCALC  980001084 01 202309  F401  LATE DEPOSIT                   8  2       31.18
FTDCALC  980001084 01 202309  F401  LATE DEPOSIT                  40  4       93.54
FTDCALC  980001126 01 202312  F401  LATE DEPOSIT                  40  3    33378.86
FTDCALC  990001001 01 202006  F401  LATE DEPOSIT                  43  3        0.00
FTDCALC  990001001 01 202006  F404  DEFERRED - SEC 2302            0  0    25000.00
FTDCALC  990001002 01 202009  F401  LATE DEPOSIT                  41  3    10000.00
FTDCALC  990001002 01 202009  F404  DEFERRED - SEC 2302            0  0     1000.00
FTDCALC  990001003 01 202012  F402  DE MINIMIS - NO PENALTY        0  0        0.00
FTDCALC  990001006 01 202306  F401  LATE DEPOSIT                7763  3      100.00
FTDCALC  990001007 01 202306  F401  LATE DEPOSIT                  44  3 50000000.00
FTDCALC  990001008 01 202306  F401  LATE DEPOSIT                  44  3        0.00
