PENCALC  120001112 01 202403  P501  FTF/FTP ASSESSED           13   14381.20    5052.84
PENCALC  200001014 01 202312  P501  FTF/FTP ASSESSED            4   26215.49    2912.83
PENCALC  200001210 01 202312  P501  FTF/FTP ASSESSED            4   49439.38    5493.26
PENCALC  200001329 01 202312  P501  FTF/FTP ASSESSED            4    1592.72     176.96
PENCALC  260001168 01 202212  P501  FTF/FTP ASSESSED            4    4501.95     500.21
PENCALC  450001266 01 202309  P501  FTF/FTP ASSESSED            7    3466.84     564.36
PENCALC  460001294 01 202206  P501  FTF/FTP ASSESSED           10   62472.64   15618.15
PENCALC  470001364 01 202309  P501  FTF/FTP ASSESSED            7    2962.53     482.27
PENCALC  810001091 01 202306  P501  FTF/FTP ASSESSED           10   20107.26    5026.81
PENCALC  810001133 01 202306  P501  FTF/FTP ASSESSED           10    7026.16    1756.54
PENCALC  820001154 01 202203  P501  FTF/FTP ASSESSED           13    5423.69    1905.60
PENCALC  840001028 01 202303  P501  FTF/FTP ASSESSED           13    8583.98    3015.98
PENCALC  840001259 10 202312  P501  FTF/FTP ASSESSED            4   14116.32    1568.48
PENCALC  910001189 01 202409  P501  FTF/FTP ASSESSED            7    3157.50     514.01
PENCALC  920001140 02 202206  P501  FTF/FTP ASSESSED           10   84041.65   21010.41
PENCALC  920001301 01 202406  P501  FTF/FTP ASSESSED           10   13281.01    3320.25
PENCALC  920001315 01 202303  P502  MINIMUM FTF APPLIED        13     187.32      13.01
PENCALC  920001315 01 202303  P501  FTF/FTP ASSESSED           13     187.32      13.01
PENCALC  930001056 01 202303  P501  FTF/FTP ASSESSED           13   18021.26    6331.79
PENCALC  940001035 01 202203  P501  FTF/FTP ASSESSED           13    7366.27    2588.14
PENCALC  940001161 01 202306  P502  MINIMUM FTF APPLIED        10     216.98      11.41
PENCALC  940001161 01 202306  P501  FTF/FTP ASSESSED           10     216.98      11.41
PENCALC  940001203 01 202303  P501  FTF/FTP ASSESSED           13   31531.51   11078.62
PENCALC  950001280 01 202309  P501  FTF/FTP ASSESSED            7   76867.71   12513.34
PENCALC  980001021 01 202412  P501  FTF/FTP ASSESSED            4    7295.66     810.62
PENCALC  980001084 01 202309  P502  MINIMUM FTF APPLIED         7     468.03      16.97
PENCALC  980001084 01 202309  P501  FTF/FTP ASSESSED            7     468.03      16.97
PENCALC  980001126 01 202312  P501  FTF/FTP ASSESSED            4   23365.19    2596.13
PENCALC  991000001 01 202312  P501  FTF/FTP ASSESSED            4     900.00     100.00
PENCALC  991000005 01 202312  P501  FTF/FTP ASSESSED            1      45.00       5.00
PENCALC  991000006 01 201812  P502  MINIMUM FTF APPLIED        64    2015.00    2500.00
PENCALC  991000006 01 201812  P501  FTF/FTP ASSESSED           64    2015.00    2500.00
PENCALC  991000007 01 202306  P502  MINIMUM FTF APPLIED        10       0.01       0.00
PENCALC  991000007 01 202306  P501  FTF/FTP ASSESSED           10       0.01       0.00
PENCALC  991000011 01 202312  P502  MINIMUM FTF APPLIED         4 9999514.99 9999999.99
PENCALC  991000011 01 202312  P501  FTF/FTP ASSESSED            4 9999514.99 9999999.99
