NOTGEN  900000001 01 202312  0161  BALANCE DUE                        4000.00   1
NOTGEN  900000003 01 202312  0161  BALANCE DUE                         100.01   1
NOTGEN  900000005 01 202312  0267  OVERPAYMENT - REFUND DUE            100.01-  1
NOTGEN  900000006 01 202312  0267  SUPPRESSED BY FREEZE               5000.00-  1
NOTGEN  900000007 01 202312  0267  SUPPRESSED BY FREEZE               5000.00-  1
NOTGEN  900000008 01 202312  0161  BALANCE DUE                        5000.00   1
NOTGEN  900000009 01 202312  0193  SUPPRESSED BY FREEZE               7500.00   3
NOTGEN  900000010 01 202312  0194  POSSIBLE FTD PENALTY               1625.00   2
NOTGEN  900000011 01 202312  0215  CIVIL PENALTY ASSESSED             1410.55   2
NOTGEN  900000012 01 202312  0161  BALANCE DUE                        4750.00   1
NOTGEN  900000014 01 202312  0161  BALANCE DUE                   345678901.23   1
NOTGEN  900000015 01 202312  0267  OVERPAYMENT - REFUND DUE      765432109.87-  1
NOTGEN  900000016 01 202312  0193  DUPLICATE RETURN FILED            44444.44-  3
NOTGEN  900000017 01 202312  0194  POSSIBLE FTD PENALTY          999999999.98   2
NOTGEN  900000018 01 202312  0161  BALANCE DUE                        5000.00   1
NOTGEN  900000019 01 202312  0194  POSSIBLE FTD PENALTY               1010.00   2
NOTGEN  900000020 01 202312  0267  SUPPRESSED BY FREEZE               9000.00-  1
NOTGEN  900000021 01 202312  0267  OVERPAYMENT - REFUND DUE           1000.00-  1
NOTGEN  900000023 12 202506  0161  BALANCE DUE                         150.00   1
NOTGEN  900000024 01 202312  0193  DUPLICATE RETURN FILED             6000.00-  3
