ESTPEN  920001140 202206  E601  INSTALLMENT SHORTFALL     1   105052.06     770.38
ESTPEN  920001140 202206  E601  INSTALLMENT SHORTFALL     2   105052.06     512.65
ESTPEN  920001140 202206  E601  INSTALLMENT SHORTFALL     3   105052.06     257.73
ESTPEN  920001140 202206  E601  INSTALLMENT SHORTFALL     4   105052.06      84.04
ESTPEN  990000020 202312  E601  INSTALLMENT SHORTFALL     1      125.00       0.92
ESTPEN  990000020 202312  E601  INSTALLMENT SHORTFALL     2      125.00       0.61
ESTPEN  990000020 202312  E601  INSTALLMENT SHORTFALL     3      125.00       0.31
ESTPEN  990000020 202312  E601  INSTALLMENT SHORTFALL     4      125.00       0.10
ESTPEN  990000030 202312  E601  INSTALLMENT SHORTFALL     1      250.02       1.83
ESTPEN  990000030 202312  E601  INSTALLMENT SHORTFALL     2      250.02       1.22
ESTPEN  990000030 202312  E601  INSTALLMENT SHORTFALL     3      250.02       0.61
ESTPEN  990000030 202312  E601  INSTALLMENT SHORTFALL     4      250.02       0.20
ESTPEN  990000040 202312  E601  INSTALLMENT SHORTFALL     1       62.50       0.46
ESTPEN  990000040 202312  E601  INSTALLMENT SHORTFALL     2       62.50       0.31
ESTPEN  990000040 202312  E601  INSTALLMENT SHORTFALL     3       62.50       0.15
ESTPEN  990000040 202312  E601  INSTALLMENT SHORTFALL     4       62.50       0.05
ESTPEN  990000050 202312  E601  INSTALLMENT SHORTFALL     1 99999999.99 3333333.33
ESTPEN  990000050 202312  E601  INSTALLMENT SHORTFALL     2 99999999.99 2000000.00
ESTPEN  990000050 202312  E601  INSTALLMENT SHORTFALL     3 99999999.99 1333333.33
ESTPEN  990000050 202312  E601  INSTALLMENT SHORTFALL     4 99999999.99       0.00
ESTPEN  990000060 202312  E601  INSTALLMENT SHORTFALL     1        0.01       0.00
ESTPEN  990000060 202312  E601  INSTALLMENT SHORTFALL     2        0.01       0.00
ESTPEN  990000060 202312  E601  INSTALLMENT SHORTFALL     3        0.01       0.00
ESTPEN  990000060 202312  E601  INSTALLMENT SHORTFALL     4        0.01       0.00
