CAWRMTCH  100001119 2026  C001  IN BALANCE                   238384.47    238030.37       354.10
CAWRMTCH  120001112 2024  C001  IN BALANCE                   277560.09    277629.22        69.13-
CAWRMTCH  120001343 2026  C001  IN BALANCE                   386590.08    388013.00      1422.92-
CAWRMTCH  200001007 2026  C002  W2 EXCEEDS 941 LIABILITY        732.15       576.42       155.73
CAWRMTCH  200001014 2023  C001  IN BALANCE                   323595.15    323648.37        53.22-
CAWRMTCH  200001301 2023  C003  941 EXCEEDS W2 REPORTED      307649.93    462949.12    155299.19-
CAWRMTCH  260001175 2026  C001  IN BALANCE                    75556.90     75464.59        92.31
CAWRMTCH  270001329 2022  C001  IN BALANCE                   247545.65    246647.33       898.32
CAWRMTCH  279000039 2023  C005  W2 FILED - NO 941 MODULE      11662.56         0.00     11662.56
CAWRMTCH  450001161 2023  C001  IN BALANCE                     1396.14      1390.65         5.49
CAWRMTCH  450001210 2024  C002  W2 EXCEEDS 941 LIABILITY      61860.53     49399.45     12461.08
CAWRMTCH  450001266 2023  C001  IN BALANCE                   139536.30    140011.99       475.69-
CAWRMTCH  479000013 2023  C005  W2 FILED - NO 941 MODULE      11561.38         0.00     11561.38
CAWRMTCH  810001091 2023  C001  IN BALANCE                   224433.23    223414.01      1019.22
CAWRMTCH  810001133 2023  C001  IN BALANCE                   125220.91    125467.24       246.33-
CAWRMTCH  820001322 2024  C001  IN BALANCE                   359473.12    361220.56      1747.44-
CAWRMTCH  829000026 2023  C005  W2 FILED - NO 941 MODULE       7932.18         0.00      7932.18
CAWRMTCH  830001147 2024  C001  IN BALANCE                    64399.31     64357.93        41.38
CAWRMTCH  830001315 2024  C001  IN BALANCE                      507.01       509.40         2.39-
CAWRMTCH  840001028 2023  C001  IN BALANCE                    46569.91     46399.87       170.04
CAWRMTCH  840001168 2024  C002  W2 EXCEEDS 941 LIABILITY     554650.76    455536.08     99114.68
CAWRMTCH  850001273 2023  C001  IN BALANCE                   437198.56    437587.06       388.50-
CAWRMTCH  860001063 2026  C001  IN BALANCE                   464605.56    466382.73      1777.17-
CAWRMTCH  860001105 2024  C002  W2 EXCEEDS 941 LIABILITY     295968.61    260990.21     34978.40
CAWRMTCH  870001049 2022  C001  IN BALANCE                   436254.98    438324.20      2069.22-
CAWRMTCH  870001238 2024  C002  W2 EXCEEDS 941 LIABILITY       2563.55      2096.03       467.52
CAWRMTCH  870001294 2023  C003  941 EXCEEDS W2 REPORTED      224894.50    330336.60    105442.10-
CAWRMTCH  880001336 2023  C002  W2 EXCEEDS 941 LIABILITY     436728.14    324614.43    112113.71
CAWRMTCH  880001357 2022  C001  IN BALANCE                    86850.56     86665.01       185.55
CAWRMTCH  910001154 2022  C001  IN BALANCE                   140723.85    140736.16        12.31-
CAWRMTCH  910001189 2024  C001  IN BALANCE                   162997.92    163178.25       180.33-
CAWRMTCH  910001252 2023  C001  IN BALANCE                   412221.31    414077.68      1856.37-
CAWRMTCH  930001056 2023  C002  W2 EXCEEDS 941 LIABILITY     265230.67    216700.98     48529.69
CAWRMTCH  930001070 2024  C003  941 EXCEEDS W2 REPORTED      148766.91    229499.63     80732.72-
CAWRMTCH  930001098 2023  C001  IN BALANCE                   328765.73    328280.62       485.11
CAWRMTCH  930001217 2022  C001  IN BALANCE                    35354.86     35210.76       144.10
CAWRMTCH  930001364 2023  C001  IN BALANCE                   142392.10    142891.75       499.65-
CAWRMTCH  940001035 2022  C001  IN BALANCE                   141609.23    142205.97       596.74-
CAWRMTCH  940001224 2022  C003  941 EXCEEDS W2 REPORTED      227775.84    284906.37     57130.53-
CAWRMTCH  949000000 2023  C005  W2 FILED - NO 941 MODULE       4918.36         0.00      4918.36
CAWRMTCH  950001196 2023  C003  941 EXCEEDS W2 REPORTED      239239.72    433099.60    193859.88-
CAWRMTCH  950001203 2022  C001  IN BALANCE                    97629.12     97707.26        78.14-
CAWRMTCH  950001231 2026  C001  IN BALANCE                   161354.33    160825.17       529.16
CAWRMTCH  980001021 2024  C001  IN BALANCE                   452378.08    450349.37      2028.71
CAWRMTCH  980001084 2023  C001  IN BALANCE                     1736.54      1732.19         4.35
CAWRMTCH  980001126 2023  C001  IN BALANCE                   461300.99    463595.30      2294.31-
CAWRMTCH  980001287 2026  C001  IN BALANCE                    60670.35     60692.97        22.62-
