FTDCALC  100001315 01 202309  F402  DE MINIMIS - NO PENALTY        0  0        0.00
FTDCALC  120001070 10 202212  F403  FREEZE - PENALTY BYPASSED      0  0        0.00
FTDCALC  120001077 02 202303  F401  LATE DEPOSIT                   3  1        0.00
FTDCALC  200001007 01 202409  F402  DE MINIMIS - NO PENALTY        0  0        0.00
FTDCALC  200001007 01 202409  F403  FREEZE - PENALTY BYPASSED      0  0        0.00
FTDCALC  200001322 10 202206  F403  FREEZE - PENALTY BYPASSED      0  0        0.00
FTDCALC  260001112 02 202303  F401  LATE DEPOSIT                  40  3    16655.29
FTDCALC  260001301 01 202406  F401  LATE DEPOSIT                   8  2     2898.22
FTDCALC  260001301 01 202406  F401  LATE DEPOSIT                  40  3     5796.44
FTDCALC  270001084 01 202312  F402  DE MINIMIS - NO PENALTY        0  0        0.00
FTDCALC  450001210 01 202409  F401  LATE DEPOSIT                   3  1      299.69
FTDCALC  450001210 01 202409  F401  LATE DEPOSIT                  20  3     1498.45
FTDCALC  450001259 02 202312  F403  FREEZE - PENALTY BYPASSED      0  0        0.00
FTDCALC  450001266 01 202303  F401  LATE DEPOSIT                   3  1     1008.09
FTDCALC  450001266 01 202303  F401  LATE DEPOSIT                   8  2     2520.22
FTDCALC  460001014 01 202403  F401  LATE DEPOSIT                   3  1     1126.11
FTDCALC  460001014 01 202403  F401  LATE DEPOSIT                   8  2     2815.27
FTDCALC  460001014 01 202403  F401  LATE DEPOSIT                  40  3     5630.55
FTDCALC  460001105 02 202303  F401  LATE DEPOSIT                  20  3     4252.88
FTDCALC  460001105 02 202303  F401  LATE DEPOSIT                  20  3     4252.88
FTDCALC  460001105 02 202303  F401  LATE DEPOSIT                  40  3     4252.88
FTDCALC  810001119 02 202206  F401  LATE DEPOSIT                   3  1      618.44
FTDCALC  810001119 02 202206  F401  LATE DEPOSIT                   3  1      618.44
FTDCALC  810001133 01 202312  F403  FREEZE - PENALTY BYPASSED      0  0        0.00
FTDCALC  820001175 01 202306  F401  LATE DEPOSIT                   3  1      449.85
FTDCALC  820001175 01 202306  F401  LATE DEPOSIT                  20  3     2249.23
FTDCALC  820001175 01 202306  F401  LATE DEPOSIT                  40  3     2249.23
FTDCALC  830001091 02 202303  F401  LATE DEPOSIT                   3  1      470.53
FTDCALC  830001245 10 202312  F401  LATE DEPOSIT                   3  1     3279.00
FTDCALC  850001294 01 202309  F401  LATE DEPOSIT                   8  2     1701.94
FTDCALC  850001294 01 202309  F401  LATE DEPOSIT                  20  3     3403.88
FTDCALC  850001294 01 202309  F401  LATE DEPOSIT                  40  3     3403.88
FTDCALC  850001350 01 202409  F401  LATE DEPOSIT                   8  2     3194.43
FTDCALC  850001350 01 202409  F401  LATE DEPOSIT                  40  3     6388.85
FTDCALC  860001280 02 202212  F403  FREEZE - PENALTY BYPASSED      0  0        0.00
FTDCALC  870001147 01 202412  F401  LATE DEPOSIT                   8  2      825.99
FTDCALC  870001238 01 202406  F402  DE MINIMIS - NO PENALTY        0  0        0.00
FTDCALC  880001035 01 202303  F401  LATE DEPOSIT                   3  1     8053.52
FTDCALC  880001357 01 202209  F401  LATE DEPOSIT                  40  3     4766.58
FTDCALC  910001098 10 202209  F403  FREEZE - PENALTY BYPASSED      0  0        0.00
FTDCALC  910001189 01 202409  F403  FREEZE - PENALTY BYPASSED      0  0        0.00
FTDCALC  910001252 01 202312  F401  LATE DEPOSIT                   8  2     3795.71
FTDCALC  910001252 01 202312  F401  LATE DEPOSIT                  20  3     7591.42
FTDCALC  910001252 01 202312  F401  LATE DEPOSIT                  20  3     7591.42
FTDCALC  910001336 01 202203  F401  LATE DEPOSIT                   3  1     1111.72
FTDCALC  910001336 01 202203  F401  LATE DEPOSIT                   8  2     2779.31
FTDCALC  920001028 01 202203  F401  LATE DEPOSIT                  40  3     6725.58
FTDCALC  920001182 02 202212  F401  LATE DEPOSIT                   8  2     5093.67
FTDCALC  920001182 02 202212  F401  LATE DEPOSIT                   8  2     5093.67
FTDCALC  920001308 01 202412  F401  LATE DEPOSIT                   3  1        0.00
FTDCALC  920001308 01 202412  F401  LATE DEPOSIT                   8  2        0.00
FTDCALC  930001217 01 202212  F401  LATE DEPOSIT                  20  4     1760.54
FTDCALC  930001217 01 202212  F401  LATE DEPOSIT                  20  4     1760.54
FTDCALC  930001343 01 202203  F401  LATE DEPOSIT                  40  3     6535.57
FTDCALC  930001364 01 202306  F401  LATE DEPOSIT                   8  2     3250.79
FTDCALC  940001021 10 202306  F401  LATE DEPOSIT                  20  3     6658.00
FTDCALC  940001161 01 202306  F402  DE MINIMIS - NO PENALTY        0  0        0.00
FTDCALC  950001196 01 202312  F403  FREEZE - PENALTY BYPASSED      0  0        0.00
FTDCALC  950001203 01 202209  F401  LATE DEPOSIT                   3  1        0.00
FTDCALC  950001203 01 202209  F401  LATE DEPOSIT                  40  3        0.00
FTDCALC  950001231 01 202409  F401  LATE DEPOSIT                   3  1     2927.02
FTDCALC  980001140 01 202303  F401  LATE DEPOSIT                   8  2     6919.25
FTDCALC  980001140 01 202303  F401  LATE DEPOSIT                  40  3    13838.50
FTDCALC  980001287 01 202212  F401  LATE DEPOSIT                  40  3     3034.65
