NOTGEN  100001077 10 202306  0267  OVERPAYMENT - REFUND DUE          64130.30-  1
NOTGEN  100001119 01 202606  0267  OVERPAYMENT - REFUND DUE          23639.71-  1
NOTGEN  120001112 01 202403  0194  POSSIBLE FTD PENALTY             117159.53   2
NOTGEN  120001343 01 202606  0267  OVERPAYMENT - REFUND DUE          31472.59-  1
NOTGEN  120001350 10 202409  0194  POSSIBLE FTD PENALTY               9228.12   2
NOTGEN  200001007 01 202606  0193  SUPPRESSED BY FREEZE                980.95-  3
NOTGEN  200001014 01 202312  0194  POSSIBLE FTD PENALTY             201471.08   2
NOTGEN  200001301 01 202309  0194  POSSIBLE FTD PENALTY              28400.34   2
NOTGEN  260001175 01 202606  0267  OVERPAYMENT - REFUND DUE          11790.95-  1
NOTGEN  270001329 01 202212  0215  SUPPRESSED BY FREEZE             295976.77   2
NOTGEN  450001161 01 202303  0215  CIVIL PENALTY ASSESSED              258.44   2
NOTGEN  450001210 01 202409  0194  POSSIBLE FTD PENALTY               7355.57   2
NOTGEN  450001259 02 202312  0193  DUPLICATE RETURN FILED            55833.46   3
NOTGEN  450001266 01 202303  0194  POSSIBLE FTD PENALTY              52532.51   2
NOTGEN  470001140 02 202406  0194  POSSIBLE FTD PENALTY              19505.47   2
NOTGEN  810001091 01 202306  0194  POSSIBLE FTD PENALTY             128127.92   2
NOTGEN  810001133 01 202306  0193  DUPLICATE RETURN FILED           156834.05   3
NOTGEN  820001308 10 202206  0194  POSSIBLE FTD PENALTY             178104.78   2
NOTGEN  820001322 01 202409  0193  DUPLICATE RETURN FILED           203186.56   3
NOTGEN  830001147 01 202409  0267  OVERPAYMENT - REFUND DUE           4630.98-  1
NOTGEN  830001245 10 202312  0194  POSSIBLE FTD PENALTY               3279.00   2
NOTGEN  830001315 01 202412  0215  CIVIL PENALTY ASSESSED             1004.58   2
NOTGEN  840001028 01 202303  0215  CIVIL PENALTY ASSESSED            57999.83   2
NOTGEN  840001168 01 202409  0194  SUPPRESSED BY FREEZE             175836.92   2
NOTGEN  860001063 01 202606  0267  OVERPAYMENT - REFUND DUE         133286.08-  1
NOTGEN  860001105 01 202406  0194  POSSIBLE FTD PENALTY              14416.49   2
NOTGEN  860001280 02 202212  0215  CIVIL PENALTY ASSESSED            41658.37   2
NOTGEN  870001238 01 202406  0215  CIVIL PENALTY ASSESSED             2685.83   2
NOTGEN  870001294 01 202309  0194  POSSIBLE FTD PENALTY              49187.11   2
NOTGEN  880001357 01 202209  0267  OVERPAYMENT - REFUND DUE           8059.88-  1
NOTGEN  910001189 01 202409  0215  CIVIL PENALTY ASSESSED            18357.55   2
NOTGEN  910001252 01 202312  0194  POSSIBLE FTD PENALTY             242230.58   2
NOTGEN  920001182 02 202212  0194  POSSIBLE FTD PENALTY              10187.34   2
NOTGEN  930001056 01 202303  0194  POSSIBLE FTD PENALTY             124148.98   2
NOTGEN  930001070 01 202412  0193  DUPLICATE RETURN FILED                0.00   3
NOTGEN  930001217 01 202212  0267  OVERPAYMENT - REFUND DUE          10905.57-  1
NOTGEN  930001364 01 202306  0194  POSSIBLE FTD PENALTY              19326.11   2
NOTGEN  940001035 01 202203  0194  POSSIBLE FTD PENALTY              54891.50   2
NOTGEN  940001224 01 202209  0215  CIVIL PENALTY ASSESSED           160259.83   2
NOTGEN  950001196 01 202312  0193  DUPLICATE RETURN FILED                0.00   3
NOTGEN  950001203 01 202209  0215  CIVIL PENALTY ASSESSED           121796.15   2
NOTGEN  950001231 01 202606  0267  OVERPAYMENT - REFUND DUE          43722.74-  1
NOTGEN  980001021 01 202412  0194  POSSIBLE FTD PENALTY              58883.17   2
NOTGEN  980001084 01 202309  0215  CIVIL PENALTY ASSESSED              986.98   2
NOTGEN  980001126 01 202312  0194  POSSIBLE FTD PENALTY             189146.86   2
NOTGEN  980001287 01 202606  0267  OVERPAYMENT - REFUND DUE           6499.44-  1
