PENCALC  120001112 01 202403  P501  FTF/FTP ASSESSED           13   14381.20    5052.84
PENCALC  200001014 01 202312  P501  FTF/FTP ASSESSED            4   26215.49    2912.83
PENCALC  270001329 01 202212  P501  FTF/FTP ASSESSED            4   44396.50    4932.94
PENCALC  450001161 01 202303  P502  MINIMUM FTF APPLIED        13     125.16       8.12
PENCALC  450001161 01 202303  P501  FTF/FTP ASSESSED           13     125.16       8.12
PENCALC  450001210 01 202409  P501  FTF/FTP ASSESSED            7     955.88     155.60
PENCALC  450001259 02 202312  P501  FTF/FTP ASSESSED            4    8348.12     927.56
PENCALC  450001266 01 202303  P501  FTF/FTP ASSESSED           13    7252.64    2548.20
PENCALC  810001091 01 202306  P501  FTF/FTP ASSESSED           10   20107.26    5026.81
PENCALC  810001133 01 202306  P501  FTF/FTP ASSESSED           10   25093.45    6273.36
PENCALC  820001308 10 202206  P501  FTF/FTP ASSESSED           10   28312.21    7078.05
PENCALC  820001322 01 202409  P501  FTF/FTP ASSESSED            7   34948.09    5689.22
PENCALC  830001315 01 202412  P502  MINIMUM FTF APPLIED         4     485.00      10.18
PENCALC  830001315 01 202412  P501  FTF/FTP ASSESSED            4     485.00      10.18
PENCALC  840001028 01 202303  P501  FTF/FTP ASSESSED           13    8583.98    3015.98
PENCALC  840001168 01 202409  P501  FTF/FTP ASSESSED            7   27423.27    4464.25
PENCALC  860001280 02 202212  P501  FTF/FTP ASSESSED            4    6228.69     692.07
PENCALC  870001238 01 202406  P502  MINIMUM FTF APPLIED        10     485.00     104.80
PENCALC  870001238 01 202406  P501  FTF/FTP ASSESSED           10     485.00     104.80
PENCALC  870001294 01 202309  P501  FTF/FTP ASSESSED            7    6392.02    1040.55
PENCALC  910001189 01 202409  P501  FTF/FTP ASSESSED            7    3157.50     514.01
PENCALC  910001252 01 202312  P501  FTF/FTP ASSESSED            4   33487.78    3720.86
PENCALC  930001056 01 202303  P501  FTF/FTP ASSESSED           13   18021.26    6331.79
PENCALC  930001364 01 202306  P501  FTF/FTP ASSESSED           10    2572.05     643.01
PENCALC  940001035 01 202203  P501  FTF/FTP ASSESSED           13    7366.27    2588.14
PENCALC  940001224 01 202209  P501  FTF/FTP ASSESSED            7   27564.69    4487.27
PENCALC  950001203 01 202209  P501  FTF/FTP ASSESSED            7   20948.95    3410.28
PENCALC  980001021 01 202412  P501  FTF/FTP ASSESSED            4    7295.66     810.62
PENCALC  980001084 01 202309  P502  MINIMUM FTF APPLIED         7     485.00      16.97
PENCALC  980001084 01 202309  P501  FTF/FTP ASSESSED            7     485.00      16.97
PENCALC  980001126 01 202312  P501  FTF/FTP ASSESSED            4   23365.19    2596.13
