ESTPEN  920001140 202206  E601  INSTALLMENT SHORTFALL     1   105052.06     770.38
ESTPEN  920001140 202206  E601  INSTALLMENT SHORTFALL     2   105052.06     512.65
ESTPEN  920001140 202206  E601  INSTALLMENT SHORTFALL     3   105052.06     257.73
ESTPEN  920001140 202206  E601  INSTALLMENT SHORTFALL     4   105052.06      84.04
ESTPEN  990001036 202312  E601  INSTALLMENT SHORTFALL     1      125.00       0.92
ESTPEN  990001036 202312  E601  INSTALLMENT SHORTFALL     2      125.00       0.61
ESTPEN  990001036 202312  E601  INSTALLMENT SHORTFALL     3      125.00       0.31
ESTPEN  990001036 202312  E601  INSTALLMENT SHORTFALL     4      125.00       0.10
ESTPEN  990001044 202312  E601  INSTALLMENT SHORTFALL     1     4406.25      32.31
ESTPEN  990001044 202312  E601  INSTALLMENT SHORTFALL     2     4406.25      21.50
ESTPEN  990001044 202312  E601  INSTALLMENT SHORTFALL     3     4406.25      10.81
ESTPEN  990001044 202312  E601  INSTALLMENT SHORTFALL     4     4406.25       3.53
ESTPEN  990001052 202312  E601  INSTALLMENT SHORTFALL     1      500.02       3.67
ESTPEN  990001052 202312  E601  INSTALLMENT SHORTFALL     2      500.02       2.44
ESTPEN  990001052 202312  E601  INSTALLMENT SHORTFALL     3      500.02       1.23
ESTPEN  990001052 202312  E601  INSTALLMENT SHORTFALL     4      500.02       0.40
ESTPEN  990001060 202312  E601  INSTALLMENT SHORTFALL     1        1.00       0.01
ESTPEN  990001060 202312  E601  INSTALLMENT SHORTFALL     2        1.00       0.00
ESTPEN  990001060 202312  E601  INSTALLMENT SHORTFALL     3        1.00       0.00
ESTPEN  990001060 202312  E601  INSTALLMENT SHORTFALL     4        1.00       0.00
ESTPEN  990001079 202312  E601  INSTALLMENT SHORTFALL     1 99999999.99 3333333.33
ESTPEN  990001079 202312  E601  INSTALLMENT SHORTFALL     2 99999999.99 2000000.00
ESTPEN  990001079 202312  E601  INSTALLMENT SHORTFALL     3 99999999.99 1333333.33
ESTPEN  990001079 202312  E601  INSTALLMENT SHORTFALL     4 99999999.99       0.00
ESTPEN  990001087 202312  E601  INSTALLMENT SHORTFALL     1        0.01       0.00
ESTPEN  990001087 202312  E601  INSTALLMENT SHORTFALL     2        0.01       0.00
ESTPEN  990001087 202312  E601  INSTALLMENT SHORTFALL     3        0.01       0.00
ESTPEN  990001087 202312  E601  INSTALLMENT SHORTFALL     4        0.01       0.00
