ESTPEN  991000027 202312  E601  INSTALLMENT SHORTFALL     1    37500.00     275.00
ESTPEN  991000027 202312  E601  INSTALLMENT SHORTFALL     2    37500.00     183.00
ESTPEN  991000027 202312  E601  INSTALLMENT SHORTFALL     3    37500.00      92.00
ESTPEN  991000027 202312  E601  INSTALLMENT SHORTFALL     4    37500.00      30.00
ESTPEN  991000035 202312  E601  INSTALLMENT SHORTFALL     1 99999999.99 3333333.33
ESTPEN  991000035 202312  E601  INSTALLMENT SHORTFALL     2 99999999.99 2000000.00
ESTPEN  991000035 202312  E601  INSTALLMENT SHORTFALL     3 99999999.99 1333333.33
ESTPEN  991000035 202312  E601  INSTALLMENT SHORTFALL     4 99999999.99       0.00
ESTPEN  991000043 202312  E601  INSTALLMENT SHORTFALL     1      125.00       0.92
ESTPEN  991000043 202312  E601  INSTALLMENT SHORTFALL     2      125.00       0.61
ESTPEN  991000043 202312  E601  INSTALLMENT SHORTFALL     3      125.00       0.31
ESTPEN  991000043 202312  E601  INSTALLMENT SHORTFALL     4      125.00       0.10
ESTPEN  991000060 202312  E601  INSTALLMENT SHORTFALL     1    12500.00      91.67
ESTPEN  991000060 202312  E601  INSTALLMENT SHORTFALL     2    12500.00      61.00
ESTPEN  991000060 202312  E601  INSTALLMENT SHORTFALL     3    12500.00      30.67
ESTPEN  991000060 202312  E601  INSTALLMENT SHORTFALL     4    12500.00      10.00
ESTPEN  991000078 202312  E601  INSTALLMENT SHORTFALL     1    10000.00      73.33
ESTPEN  991000078 202312  E601  INSTALLMENT SHORTFALL     2    10000.00      48.80
ESTPEN  991000078 202312  E601  INSTALLMENT SHORTFALL     3    10000.00      24.53
ESTPEN  991000078 202312  E601  INSTALLMENT SHORTFALL     4    10000.00       8.00
